// Jest Snapshot v1, https://goo.gl/fbAQLP

exports[`Login Form renders correctly 1`] = `
.c4 {
  -webkit-align-items: center;
  -webkit-box-align: center;
  -ms-flex-align: center;
  align-items: center;
  display: -webkit-box;
  display: -webkit-flex;
  display: -ms-flexbox;
  display: flex;
  height: 2.875rem;
  -webkit-box-pack: start;
  -webkit-justify-content: start;
  -ms-flex-pack: start;
  justify-content: start;
  width: 100%;
}

.c3 {
  border: 1px solid #909AFF;
  border-radius: 0.5rem;
  display: -webkit-box;
  display: -webkit-flex;
  display: -ms-flexbox;
  display: flex;
  height: 2.875rem;
  padding: 0.625rem 1rem 0.625rem 1rem;
  width: 19.875rem;
}

.c3:disabled,
.c3:hover,
.c3:active,
.c3:focus {
  outline: none;
}

.c2 {
  color: white;
  display: -webkit-box;
  display: -webkit-flex;
  display: -ms-flexbox;
  display: flex;
  font-size: 16;
}

.c1 {
  display: -webkit-box;
  display: -webkit-flex;
  display: -ms-flexbox;
  display: flex;
  -webkit-flex-direction: column;
  -ms-flex-direction: column;
  flex-direction: column;
  gap: 0.6875rem;
  width: 19.875rem;
}

.c5 {
  -webkit-align-items: center;
  -webkit-box-align: center;
  -ms-flex-align: center;
  align-items: center;
  background-color: #EF6517;
  border: 1px solid black;
  border-radius: 0.5rem;
  color: #ffffff;
  display: -webkit-box;
  display: -webkit-flex;
  display: -ms-flexbox;
  display: flex;
  height: 2.5rem;
  -webkit-box-pack: center;
  -webkit-justify-content: center;
  -ms-flex-pack: center;
  justify-content: center;
  padding: 0.625rem 1rem 0.625rem 1rem;
  width: 19.875rem;
}

.c5:disabled,
.c5:hover,
.c5:active,
.c5:focus {
  outline: none;
}

.c0 {
  -webkit-align-items: center;
  -webkit-box-align: center;
  -ms-flex-align: center;
  align-items: center;
  display: -webkit-box;
  display: -webkit-flex;
  display: -ms-flexbox;
  display: flex;
  -webkit-flex-direction: column;
  -ms-flex-direction: column;
  flex-direction: column;
  gap: 1rem;
  width: 25.625rem;
}

.c6 {
  color: #EF6517;
  display: -webkit-box;
  display: -webkit-flex;
  display: -ms-flexbox;
  display: flex;
  -webkit-box-pack: center;
  -webkit-justify-content: center;
  -ms-flex-pack: center;
  justify-content: center;
}

<form
  className="c0"
  onSubmit={[Function]}
>
  <h2
    style={
      {
        "color": "#FCFEFF",
        "fontFamily": "Poppins, sans-serif",
        "fontSize": "2rem",
        "fontWeight": 600,
        "letterSpacing": "2px",
        "lineHeight": 1.2,
        "textAlign": "center",
      }
    }
  >
    Login
  </h2>
  <div
    className="c1"
  >
    <label
      className="c2"
      htmlFor="login"
      size="medium"
    >
      Login
    </label>
    <input
      className="c3"
      id="login"
      name="login"
      onBlur={[Function]}
      onChange={[Function]}
      placeholder="Enter your login"
      type="text"
    />
  </div>
  <div
    className="c1"
  >
    <label
      className="c2"
      htmlFor="password"
      size="medium"
    >
      Password
    </label>
    <input
      className="c3"
      id="password"
      name="password"
      onBlur={[Function]}
      onChange={[Function]}
      placeholder="Enter your password"
      type="password"
    />
  </div>
  <span
    className="c4"
  />
  <button
    className="c5"
    type="submit"
  >
    Login
  </button>
  <a
    className="c6"
    href="/resetPassword"
    onClick={[Function]}
    palette={
      {
        "accent": "#0E172D",
        "background": "#0A1122",
        "backgroundGrey": "#F5F5F5",
        "badge": "#CF0000",
        "danger": "#FF4438",
        "default": "#000",
        "footer": "#3F4476",
        "greyDark": "#767676",
        "greyLight": "#F5F6F8",
        "inputGrey": "#4B4B4B",
        "light": "#FCFEFF",
        "primaryDark": "#4553DD",
        "primaryLight": "#909AFF",
        "secondaryDark": "#EF6517",
        "secondaryLight": "#FF7C33",
        "shadow": "#4B4D62",
        "sidebarTabs": "#CACACA",
        "success": "#83E57A",
        "successDeep": "#3A9832",
        "text": "#1B1A1A",
        "widgetBackground": "#fff",
      }
    }
  >
    Forgot your password?
  </a>
</form>
`;
