// Jest Snapshot v1, https://goo.gl/fbAQLP

exports[`SetNewPassword renders correctly 1`] = `
<div
  className="sc-ftTHYK eapKOB"
>
  <h1
    className="sc-pyfCe bbZWcV"
  >
    Reset your password
  </h1>
  <div
    className="sc-bcXHqe frrnbC"
  >
    <span>
       Remember, your password must include:
    </span>
     
    <ol
      className="sc-gswNZR dnILCN"
      style={
        {
          "listStyleType": "disc",
        }
      }
    >
      <li>
        8-24 characters
      </li>
      <li>
        At least one uppercase character
      </li>
      <li>
        At least one special character
      </li>
    </ol>
  </div>
  <form
    className="sc-iBYQkv kFzwri"
    onSubmit={[Function]}
  >
    <div
      className="sc-jSUZER igHxvv"
    >
      <label
        className="sc-eDvSVe kvGEhv"
        htmlFor="password"
        size="medium"
      >
        Your new password
      </label>
      <input
        className="sc-hLBbgP kgjgay"
        id="password"
        name="password"
        onBlur={[Function]}
        onChange={[Function]}
        placeholder="Enter your new password"
        type="password"
      />
    </div>
    <div>
      <div
        className="sc-jSUZER igHxvv"
      >
        <label
          className="sc-eDvSVe kvGEhv"
          htmlFor="confirmPassword"
          size="medium"
        >
          Confirm the password
        </label>
        <input
          className="sc-hLBbgP kgjgay"
          id="confirmPassword"
          name="confirmPassword"
          onBlur={[Function]}
          onChange={[Function]}
          placeholder="Confirm the password"
          type="password"
        />
      </div>
    </div>
    <button
      className="sc-gKPRtg gPoVrG"
      type="submit"
    >
      Reset my password
    </button>
  </form>
</div>
`;
