// Jest Snapshot v1, https://goo.gl/fbAQLP

exports[`SetNewPassword renders correctly 1`] = `
<div
  className="sc-pyfCe kULjtc"
>
  <h1
    className="sc-jrcTuL sSiO"
  >
    Reset your password
  </h1>
  <div
    className="sc-bcXHqe frrnbC"
  >
    <span>
       Remember, your password must include:
    </span>
     
    <ol
      className="sc-gswNZR dnILCN"
      style={
        {
          "listStyleType": "disc",
        }
      }
    >
      <li>
        8-24 characters
      </li>
      <li>
        At least one uppercase character
      </li>
      <li>
        At least one special character
      </li>
    </ol>
  </div>
  <form
    className="sc-ftTHYK hMpTyv"
    onSubmit={[Function]}
  >
    <div
      className="sc-gKPRtg hqpzOf"
    >
      <label
        className="sc-jSUZER iwBtHZ"
        htmlFor="password"
        size="medium"
      >
        Your new password
      </label>
      <input
        className="sc-eDvSVe bWBSC"
        id="password"
        name="password"
        onBlur={[Function]}
        onChange={[Function]}
        placeholder="Enter your new password"
        type="password"
      />
    </div>
    <div
      className="sc-gKPRtg hqpzOf"
    >
      <label
        className="sc-jSUZER iwBtHZ"
        htmlFor="confirmPassword"
        size="medium"
      >
        Confirm the password
      </label>
      <input
        className="sc-eDvSVe bWBSC"
        id="confirmPassword"
        name="confirmPassword"
        onBlur={[Function]}
        onChange={[Function]}
        placeholder="Confirm the password"
        type="password"
      />
    </div>
    <span
      className="sc-dkrFOg kbgShL"
    />
    <button
      className="sc-iBYQkv dSMyxB"
      type="submit"
    >
      Reset my password
    </button>
  </form>
</div>
`;
