// Jest Snapshot v1, https://goo.gl/fbAQLP

exports[`ResetPassword Form renders correctly 1`] = `
<form
  className="sc-gKPRtg ctuxVO"
  onSubmit={[Function]}
>
  <div
    className="sc-eDvSVe jQppCF"
  >
    <label
      className="sc-hLBbgP ejLlDr"
      htmlFor="password"
      size="medium"
    >
      Your new password
    </label>
    <input
      className="sc-dkrFOg dVjFaO"
      id="password"
      name="password"
      onBlur={[Function]}
      onChange={[Function]}
      placeholder="Enter your new password"
      type="password"
    />
  </div>
  <div
    className="sc-eDvSVe jQppCF"
  >
    <label
      className="sc-hLBbgP ejLlDr"
      htmlFor="confirmPassword"
      size="medium"
    >
      Confirm the password
    </label>
    <input
      className="sc-dkrFOg dVjFaO"
      id="confirmPassword"
      name="confirmPassword"
      onBlur={[Function]}
      onChange={[Function]}
      placeholder="Confirm the password"
      type="password"
    />
  </div>
  <span
    className="sc-bcXHqe egysXZ"
  />
  <button
    className="sc-jSUZER iWwjgW"
    type="submit"
  >
    Reset my password
  </button>
</form>
`;
