// Jest Snapshot v1, https://goo.gl/fbAQLP

exports[`ResetPassword Form renders correctly 1`] = `
<form
  className="sc-jSUZER iJMHDV"
  onSubmit={[Function]}
>
  <div
    className="sc-hLBbgP sDjkJ"
  >
    <label
      className="sc-dkrFOg jiCFWv"
      htmlFor="password"
      size="medium"
    >
      Your new password
    </label>
    <input
      className="sc-gswNZR gsrEOo"
      id="password"
      name="password"
      onBlur={[Function]}
      onChange={[Function]}
      placeholder="Enter your new password"
      type="password"
    />
  </div>
  <div>
    <div
      className="sc-hLBbgP sDjkJ"
    >
      <label
        className="sc-dkrFOg jiCFWv"
        htmlFor="confirmPassword"
        size="medium"
      >
        Confirm the password
      </label>
      <input
        className="sc-gswNZR gsrEOo"
        id="confirmPassword"
        name="confirmPassword"
        onBlur={[Function]}
        onChange={[Function]}
        placeholder="Confirm the password"
        type="password"
      />
    </div>
  </div>
  <button
    className="sc-eDvSVe eyeldc"
    type="submit"
  >
    Reset my password
  </button>
</form>
`;
