// Jest Snapshot v1, https://goo.gl/fbAQLP

exports[`Login Page renders correctly 1`] = `
<div
  className="sc-ftTHYK hfdcEX"
>
  <img
    alt=""
    className="sc-bcXHqe bSBJnN"
  />
  <form
    className="sc-gKPRtg efZPKw"
    onSubmit={[Function]}
  >
    <h1
      style={
        {
          "color": "white",
        }
      }
    >
      Login
    </h1>
    <div
      className="sc-eDvSVe jQppCF"
    >
      <label
        className="sc-hLBbgP ejLlDr"
        htmlFor="login"
        size="medium"
      >
        Login
      </label>
      <input
        className="sc-dkrFOg dVjFaO"
        id="login"
        name="login"
        onBlur={[Function]}
        onChange={[Function]}
        placeholder="Enter your login"
        type="text"
      />
    </div>
    <div>
      <div
        className="sc-eDvSVe jQppCF"
      >
        <label
          className="sc-hLBbgP ejLlDr"
          htmlFor="password"
          size="medium"
        >
          Password
        </label>
        <input
          className="sc-dkrFOg dVjFaO"
          id="password"
          name="password"
          onBlur={[Function]}
          onChange={[Function]}
          placeholder="Enter your password"
          type="password"
        />
      </div>
    </div>
    <button
      className="sc-jSUZER fKzcog"
      type="submit"
    >
      Login
    </button>
    <a
      className="sc-iBYQkv AUbuW"
      href="/resetPassword"
      onClick={[Function]}
      palette={
        {
          "accent": "#0E172D",
          "backgroundLogin": "#0A1122",
          "danger": "#FF4438",
          "footer": "#3F4476",
          "greyDark": "#767676",
          "greyLight": "#F5F6F8",
          "light": "#FCFEFF",
          "notificationCircle": "#CF0000",
          "primaryDark": "#4553DD",
          "primaryLight": "#909AFF",
          "secondaryDark": "#EF6517",
          "secondaryLight": "#FF7C33",
          "sidebarTabs": "#CACACA",
          "success": "#83E57A",
          "successDeep": "#3A9832",
        }
      }
    >
      Forgot your password?
    </a>
  </form>
</div>
`;
