// Jest Snapshot v1, https://goo.gl/fbAQLP

exports[`Header renders correctly if logged is false 1`] = `
<div
  className="sc-gswNZR iAYawr"
>
  <img
    className="sc-dkrFOg VIrMd"
  />
</div>
`;

exports[`Header renders correctly if logged is true 1`] = `
<div
  className="sc-gswNZR dCqFrD"
>
  <img
    className="sc-dkrFOg VIQMX"
  />
  <button
    className="sc-bcXHqe iJLHBU"
    type="button"
  >
    dropdown here
  </button>
</div>
`;
