// Jest Snapshot v1, https://goo.gl/fbAQLP

exports[`PasswordReset Page renders correctly 1`] = `
<div
  className="sc-gswNZR hiOlhF"
>
  <img
    alt=""
    className="sc-bcXHqe bSBJnN"
  />
  <div
    className="sc-jrcTuL jOtZkz"
  >
    <h1
      className="sc-kDvujY gJrZyr"
    >
      Reset your password
    </h1>
    <div
      className="sc-dkrFOg Luwzc"
    >
      <span>
         Remember, your password must include:
      </span>
       
      <ol
        className="sc-hLBbgP UqiXD"
        style={
          {
            "listStyleType": "disc",
          }
        }
      >
        <li>
          8-24 characters
        </li>
        <li>
          At least one uppercase character
        </li>
        <li>
          At least one special character
        </li>
      </ol>
    </div>
    <form
      className="sc-pyfCe kzDUyl"
      onSubmit={[Function]}
    >
      <div
        className="sc-iBYQkv goIiAo"
      >
        <label
          className="sc-gKPRtg KEMHx"
          htmlFor="password"
          size="medium"
        >
          Your new password
        </label>
        <input
          className="sc-jSUZER omtFo"
          id="password"
          name="password"
          onBlur={[Function]}
          onChange={[Function]}
          placeholder="Enter your new password"
          type="password"
        />
      </div>
      <div>
        <div
          className="sc-iBYQkv goIiAo"
        >
          <label
            className="sc-gKPRtg KEMHx"
            htmlFor="confirmPassword"
            size="medium"
          >
            Confirm the password
          </label>
          <input
            className="sc-jSUZER omtFo"
            id="confirmPassword"
            name="confirmPassword"
            onBlur={[Function]}
            onChange={[Function]}
            placeholder="Confirm the password"
            type="password"
          />
        </div>
      </div>
      <button
        className="sc-ftTHYK bNKaXX"
        type="submit"
      >
        Reset my password
      </button>
    </form>
  </div>
</div>
`;
