// Jest Snapshot v1, https://goo.gl/fbAQLP

exports[`Input with Label renders correctly 1`] = `
<form
  action=""
>
  <div
    className="sc-dkrFOg fRpHDN"
  >
    <label
      className="sc-gswNZR fZqYNh"
      htmlFor="login"
      size="medium"
    >
      login
    </label>
    <input
      className="sc-bcXHqe dMnLRc"
      id="login"
      name="login"
      onBlur={[Function]}
      onChange={[Function]}
      placeholder="login"
      type="text"
    />
  </div>
</form>
`;
